Microchip MPLAB XC8 Compiler V2.32

Linker command line:

-W-3 --edf=C:\Program Files\Microchip\xc8\v2.32\pic\dat\en_msgs.txt -cn \
  -h+dist/default/production\ProjetoFinal.X.production.sym \
  --cmf=dist/default/production\ProjetoFinal.X.production.cmf -z -Q18F4520 \
  -oC:\Users\mateu\AppData\Local\Temp\xcAsj3k.4 --defsym=__MPLAB_BUILD=1 \
  -Mdist/default/production/ProjetoFinal.X.production.map -E1 \
  -ver=XC8 Compiler --acfsm=1493 -ASTACK=0CBh-05FFh -pstack=STACK \
  -ACODE=00h-07FFFh -ACONST=00h-07FFFh -ASMALLCONST=0600h-06FFhx122 \
  -AMEDIUMCONST=0600h-07FFFh -ACOMRAM=01h-07Fh -AABS1=00h-05FFh \
  -ABIGRAM=01h-05FFh -ARAM=080h-0FFh,0100h-01FFhx5 -ABANK0=080h-0FFh \
  -ABANK1=0100h-01FFh -ABANK2=0200h-02FFh -ABANK3=0300h-03FFh \
  -ABANK4=0400h-04FFh -ABANK5=0500h-05FFh -ASFR=0F80h-0FFFh \
  -ACONFIG=0300000h-030000Dh -AIDLOC=0200000h-0200007h \
  -AEEDATA=0F00000h-0F000FFh -peeprom_data=EEDATA \
  -preset_vec=00h,intcode,intcodelo,powerup,init -pramtop=0600h \
  -psmallconst=SMALLCONST -pmediumconst=MEDIUMCONST -pconst=CONST \
  -AFARRAM=00h-00h \
  -prdata=COMRAM,nvrram=COMRAM,nvbit=COMRAM,rbss=COMRAM,rbit=COMRAM \
  -pfarbss=FARRAM,fardata=FARRAM,nvFARRAM=FARRAM \
  -pintsave_regs=BIGRAM,bigbss=BIGRAM,bigdata=BIGRAM -pbss=RAM \
  -pidata=CODE,irdata=CODE,ibigdata=CODE,ifardata=CODE -prparam=COMRAM \
  C:\Users\mateu\AppData\Local\Temp\xcAsj3k.o \
  dist/default/production\ProjetoFinal.X.production.o 

Object code version is 3.11

Machine type is 18F4520



                Name                               Link     Load   Length Selector   Space Scale
C:\Users\mateu\AppData\Local\Temp\xcAsj3k.o
                idloc                            200000   200000        8        0       5
                config                           300000   300000        E        0       4
                init                                  0        0        4        0       0
dist/default/production\ProjetoFinal.X.production.o
                idloc                            200000   200000        8        0       5
                config                           300000   300000        E        0       4
                text33                             6DA8     6DA8       5C     36D4       0
                text32                             759C     759C      10C     3ACE       0
                text31                             6B54     6B54       26     35AA       0
                text30                             6AEE     6AEE       14     3577       0
                text29                             6FAC     6FAC       74     37D6       0
                text28                             6B7A     6B7A       26     35BD       0
                text27                             6E62     6E62       6C     3731       0
                text26                             6E04     6E04       5E     3702       0
                text25                             6B02     6B02       18     3581       0
                text24                             7B64     7B64      24E     3DB2       0
                text23                             6CA6     6CA6       54     3653       0
                text22                             6B1A     6B1A       1C     358D       0
                text21                             7190     7190       7E     38C8       0
                text20                             7DB2     7DB2      24E     3ED9       0
                text19                             7020     7020       78     3810       0
                text18                             720E     720E       96     3907       0
                text17                             7098     7098       7C     384C       0
                text16                             76A8     76A8      12A     3B54       0
                text15                             6C24     6C24       36     3612       0
                text14                             6D50     6D50       58     36A8       0
                text13                             6F3A     6F3A       72     379D       0
                text12                             6B36     6B36       1E     359B       0
                text11                             6BC6     6BC6       2A     35E3       0
                text10                             7114     7114       7C     388A       0
                text9                              74B2     74B2       EA     3A59       0
                text8                              6ECE     6ECE       6C     3767       0
                text7                              6BA0     6BA0       26     35D0       0
                text6                              734E     734E       B2     39A7       0
                text5                              7400     7400       B2     3A00       0
                text4                              77D2     77D2      17A     3BE9       0
                text3                              6ADA     6ADA        A     356D       0
                text2                              6AE4     6AE4        A     3572       0
                text1                              72A4     72A4       AA     3952       0
                text0                              794C     794C      218     3CA6       0
                cstackCOMRAM                          1        1       42        1       1
                dataBANK0                            80       80       4B       80       1
                dataCOMRAM                           43       43       33        1       1
                bssCOMRAM                            76       76        7        1       1
                cinit                              6CFA     6CFA       56     367D       0
                idataBANK0                         6C5B     6C5B       4B     6C5B       0
                idataCOMRAM                        6BF1     6BF1       33     6BF1       0

TOTAL           Name                               Link     Load   Length     Space
        CLASS   STACK          

        CLASS   CODE           
                init                                  0        0        4         0
                text33                             6DA8     6DA8       5C         0
                text32                             759C     759C      10C         0
                text31                             6B54     6B54       26         0
                text30                             6AEE     6AEE       14         0
                text29                             6FAC     6FAC       74         0
                text28                             6B7A     6B7A       26         0
                text27                             6E62     6E62       6C         0
                text26                             6E04     6E04       5E         0
                text25                             6B02     6B02       18         0
                text24                             7B64     7B64      24E         0
                text23                             6CA6     6CA6       54         0
                text22                             6B1A     6B1A       1C         0
                text21                             7190     7190       7E         0
                text20                             7DB2     7DB2      24E         0
                text19                             7020     7020       78         0
                text18                             720E     720E       96         0
                text17                             7098     7098       7C         0
                text16                             76A8     76A8      12A         0
                text15                             6C24     6C24       36         0
                text14                             6D50     6D50       58         0
                text13                             6F3A     6F3A       72         0
                text12                             6B36     6B36       1E         0
                text11                             6BC6     6BC6       2A         0
                text10                             7114     7114       7C         0
                text9                              74B2     74B2       EA         0
                text8                              6ECE     6ECE       6C         0
                text7                              6BA0     6BA0       26         0
                text6                              734E     734E       B2         0
                text5                              7400     7400       B2         0
                text4                              77D2     77D2      17A         0
                text3                              6ADA     6ADA        A         0
                text2                              6AE4     6AE4        A         0
                text1                              72A4     72A4       AA         0
                text0                              794C     794C      218         0
                cinit                              6CFA     6CFA       56         0
                idataBANK0                         6C5B     6C5B       4B         0
                idataCOMRAM                        6BF1     6BF1       33         0

        CLASS   CONST          

        CLASS   SMALLCONST     

        CLASS   MEDIUMCONST    

        CLASS   COMRAM         
                cstackCOMRAM                          1        1       42         1
                dataCOMRAM                           43       43       33         1
                bssCOMRAM                            76       76        7         1

        CLASS   ABS1           

        CLASS   BIGRAM         

        CLASS   RAM            

        CLASS   BANK0          
                dataBANK0                            80       80       4B         1

        CLASS   BANK1          

        CLASS   BANK2          

        CLASS   BANK3          

        CLASS   BANK4          

        CLASS   BANK5          

        CLASS   SFR            

        CLASS   CONFIG         
                config                           300000   300000        E         4

        CLASS   IDLOC          
                idloc                            200000   200000        8         5

        CLASS   EEDATA         

        CLASS   FARRAM         



SEGMENTS        Name                           Load    Length   Top    Selector   Space  Class

                reset_vec                      000000  000004  000004         0       0  CODE    
                cstackCOMRAM                   000001  00007C  00007D         1       1  COMRAM  
                dataBANK0                      000080  00004B  0000CB        80       1  BANK0   
                text3                          006ADA  00000A  006AE4      356D       0  CODE    
                text2                          006AE4  00000A  006AEE      3572       0  CODE    
                text30                         006AEE  000014  006B02      3577       0  CODE    
                text25                         006B02  000018  006B1A      3581       0  CODE    
                text22                         006B1A  00001C  006B36      358D       0  CODE    
                text12                         006B36  00001E  006B54      359B       0  CODE    
                text31                         006B54  000026  006B7A      35AA       0  CODE    
                text28                         006B7A  000026  006BA0      35BD       0  CODE    
                text7                          006BA0  000026  006BC6      35D0       0  CODE    
                text11                         006BC6  00002A  006BF0      35E3       0  CODE    
                idataCOMRAM                    006BF1  000033  006C24      6BF1       0  CODE    
                text15                         006C24  000036  006C5A      3612       0  CODE    
                idataBANK0                     006C5B  00004B  006CA6      6C5B       0  CODE    
                text23                         006CA6  000054  006CFA      3653       0  CODE    
                cinit                          006CFA  000056  006D50      367D       0  CODE    
                text14                         006D50  000058  006DA8      36A8       0  CODE    
                text33                         006DA8  00005C  006E04      36D4       0  CODE    
                text26                         006E04  00005E  006E62      3702       0  CODE    
                text27                         006E62  00006C  006ECE      3731       0  CODE    
                text8                          006ECE  00006C  006F3A      3767       0  CODE    
                text13                         006F3A  000072  006FAC      379D       0  CODE    
                text29                         006FAC  000074  007020      37D6       0  CODE    
                text19                         007020  000078  007098      3810       0  CODE    
                text17                         007098  00007C  007114      384C       0  CODE    
                text10                         007114  00007C  007190      388A       0  CODE    
                text21                         007190  00007E  00720E      38C8       0  CODE    
                text18                         00720E  000096  0072A4      3907       0  CODE    
                text1                          0072A4  0000AA  00734E      3952       0  CODE    
                text6                          00734E  0000B2  007400      39A7       0  CODE    
                text5                          007400  0000B2  0074B2      3A00       0  CODE    
                text9                          0074B2  0000EA  00759C      3A59       0  CODE    
                text32                         00759C  00010C  0076A8      3ACE       0  CODE    
                text16                         0076A8  00012A  0077D2      3B54       0  CODE    
                text4                          0077D2  00017A  00794C      3BE9       0  CODE    
                text0                          00794C  000218  007B64      3CA6       0  CODE    
                text24                         007B64  00024E  007DB2      3DB2       0  CODE    
                text20                         007DB2  00024E  008000      3ED9       0  CODE    


UNUSED ADDRESS RANGES

        Name                Unused          Largest block    Delta
        BANK0            0000CB-0000FF               35
        BANK1            000100-0001FF              100
        BANK2            000200-0002FF              100
        BANK3            000300-0003FF              100
        BANK4            000400-0004FF              100
        BANK5            000500-0005FF              100
        BIGRAM           00007D-00007F                3
                         0000CB-0005FF              535
        CODE             000004-006AD9             6AD6
                         006BF0-006BF0                1
                         006C5A-006C5A                1
        COMRAM           00007D-00007F                3
        CONST            000004-006AD9             6AD6
                         006BF0-006BF0                1
                         006C5A-006C5A                1
        EEDATA           F00000-F000FF              100
        MEDIUMCONST      000600-006AD9             64DA
                         006BF0-006BF0                1
                         006C5A-006C5A                1
        RAM              0000CB-0005FF              100
        SFR              000F80-000FFF               80
        SMALLCONST       000600-006AD9              100
                         006BF0-006BF0                1
                         006C5A-006C5A                1
        STACK            0000CB-0005FF              535

                                  Symbol Table

?___aldiv                   cstackCOMRAM 000001
?___lwdiv                   cstackCOMRAM 000001
?___wmul                    cstackCOMRAM 000001
?_kpRead                    cstackCOMRAM 000001
Delay2ms@i                  cstackCOMRAM 000002
Delay40us@i                 cstackCOMRAM 000001
_ADCON1                     (abs)        000FC1
_Delay2ms                   text22       006B1A
_Delay40us                  text25       006B02
_INTCON2                    (abs)        000FF1
_PORTA                      (abs)        000F80
_PORTB                      (abs)        000F81
_PORTC                      (abs)        000F82
_PORTCbits                  (abs)        000F82
_PORTD                      (abs)        000F83
_PORTE                      (abs)        000F84
_TRISA                      (abs)        000F92
_TRISB                      (abs)        000F93
_TRISC                      (abs)        000F94
_TRISD                      (abs)        000F95
_TRISE                      (abs)        000F96
__HRAM                      (abs)        000000
__Habs1                     abs1         000000
__Hbank0                    bank0        000000
__Hbank1                    bank1        000000
__Hbank2                    bank2        000000
__Hbank3                    bank3        000000
__Hbank4                    bank4        000000
__Hbank5                    bank5        000000
__Hbigbss                   bigbss       000000
__Hbigdata                  bigdata      000000
__Hbigram                   bigram       000000
__Hbss                      bss          000000
__HbssCOMRAM                bssCOMRAM    000000
__Hcinit                    cinit        000000
__Hclrtext                  clrtext      000000
__Hcomram                   comram       000000
__Hconfig                   config       30000E
__Hconst                    const        000000
__HcstackCOMRAM             cstackCOMRAM 000000
__Hdata                     data         000000
__HdataBANK0                dataBANK0    000000
__HdataCOMRAM               dataCOMRAM   000000
__Heeprom_data              eeprom_data  000000
__Hfarbss                   farbss       000000
__Hfardata                  fardata      000000
__Hibigdata                 ibigdata     000000
__Hidata                    idata        000000
__HidataBANK0               idataBANK0   000000
__HidataCOMRAM              idataCOMRAM  000000
__Hidloc                    idloc        200008
__Hifardata                 ifardata     000000
__Hinit                     init         000004
__Hintcode                  intcode      000000
__Hintcode_body             intcode_body 000000
__Hintcodelo                intcodelo    000000
__Hintentry                 intentry     000000
__Hintret                   intret       000000
__Hintsave_regs             intsave_regs 000000
__Hirdata                   irdata       000000
__Hmediumconst              mediumconst  000000
__HnvFARRAM                 nvFARRAM     000000
__Hnvbit                    nvbit        000000
__Hnvrram                   nvrram       000000
__Hparam                    rparam       000000
__Hpowerup                  powerup      000000
__Hram                      ram          000000
__Hramtop                   ramtop       000600
__Hrbit                     rbit         000000
__Hrbss                     rbss         000000
__Hrdata                    rdata        000000
__Hreset_vec                reset_vec    000000
__Hrparam                   rparam       000000
__Hsfr                      sfr          000000
__Hsmallconst               smallconst   000000
__Hspace_0                  (abs)        008000
__Hspace_1                  (abs)        0000CB
__Hspace_2                  (abs)        000000
__Hspace_4                  (abs)        60000E
__Hstack                    stack        000000
__Hstruct                   struct       000000
__Htemp                     temp         000000
__Htext                     text         000000
__Htext0                    text0        000000
__Htext1                    text1        000000
__Htext10                   text10       000000
__Htext11                   text11       000000
__Htext12                   text12       000000
__Htext13                   text13       000000
__Htext14                   text14       000000
__Htext15                   text15       000000
__Htext16                   text16       000000
__Htext17                   text17       000000
__Htext18                   text18       000000
__Htext19                   text19       000000
__Htext2                    text2        000000
__Htext20                   text20       000000
__Htext21                   text21       000000
__Htext22                   text22       000000
__Htext23                   text23       000000
__Htext24                   text24       000000
__Htext25                   text25       000000
__Htext26                   text26       000000
__Htext27                   text27       000000
__Htext28                   text28       000000
__Htext29                   text29       000000
__Htext3                    text3        000000
__Htext30                   text30       000000
__Htext31                   text31       000000
__Htext32                   text32       000000
__Htext33                   text33       000000
__Htext4                    text4        000000
__Htext5                    text5        000000
__Htext6                    text6        000000
__Htext7                    text7        000000
__Htext8                    text8        000000
__Htext9                    text9        000000
__LRAM                      (abs)        000001
__Labs1                     abs1         000000
__Lbank0                    bank0        000000
__Lbank1                    bank1        000000
__Lbank2                    bank2        000000
__Lbank3                    bank3        000000
__Lbank4                    bank4        000000
__Lbank5                    bank5        000000
__Lbigbss                   bigbss       000000
__Lbigdata                  bigdata      000000
__Lbigram                   bigram       000000
__Lbss                      bss          000000
__LbssCOMRAM                bssCOMRAM    000000
__Lcinit                    cinit        000000
__Lclrtext                  clrtext      000000
__Lcomram                   comram       000000
__Lconfig                   config       000000
__Lconst                    const        000000
__LcstackCOMRAM             cstackCOMRAM 000000
__Ldata                     data         000000
__LdataBANK0                dataBANK0    000000
__LdataCOMRAM               dataCOMRAM   000000
__Leeprom_data              eeprom_data  000000
__Lfarbss                   farbss       000000
__Lfardata                  fardata      000000
__Libigdata                 ibigdata     000000
__Lidata                    idata        000000
__LidataBANK0               idataBANK0   000000
__LidataCOMRAM              idataCOMRAM  000000
__Lidloc                    idloc        000000
__Lifardata                 ifardata     000000
__Linit                     init         000000
__Lintcode                  intcode      000000
__Lintcode_body             intcode_body 000000
__Lintcodelo                intcodelo    000000
__Lintentry                 intentry     000000
__Lintret                   intret       000000
__Lintsave_regs             intsave_regs 000000
__Lirdata                   irdata       000000
__Lmediumconst              mediumconst  000000
__LnvFARRAM                 nvFARRAM     000000
__Lnvbit                    nvbit        000000
__Lnvrram                   nvrram       000000
__Lparam                    rparam       000000
__Lpowerup                  powerup      000000
__Lram                      ram          000000
__Lramtop                   ramtop       000600
__Lrbit                     rbit         000000
__Lrbss                     rbss         000000
__Lrdata                    rdata        000000
__Lreset_vec                reset_vec    000000
__Lrparam                   rparam       000000
__Lsfr                      sfr          000000
__Lsmallconst               smallconst   000000
__Lspace_0                  (abs)        000000
__Lspace_1                  (abs)        000000
__Lspace_2                  (abs)        000000
__Lspace_4                  (abs)        000000
__Lstack                    stack        000000
__Lstruct                   struct       000000
__Ltemp                     temp         000000
__Ltext                     text         000000
__Ltext0                    text0        000000
__Ltext1                    text1        000000
__Ltext10                   text10       000000
__Ltext11                   text11       000000
__Ltext12                   text12       000000
__Ltext13                   text13       000000
__Ltext14                   text14       000000
__Ltext15                   text15       000000
__Ltext16                   text16       000000
__Ltext17                   text17       000000
__Ltext18                   text18       000000
__Ltext19                   text19       000000
__Ltext2                    text2        000000
__Ltext20                   text20       000000
__Ltext21                   text21       000000
__Ltext22                   text22       000000
__Ltext23                   text23       000000
__Ltext24                   text24       000000
__Ltext25                   text25       000000
__Ltext26                   text26       000000
__Ltext27                   text27       000000
__Ltext28                   text28       000000
__Ltext29                   text29       000000
__Ltext3                    text3        000000
__Ltext30                   text30       000000
__Ltext31                   text31       000000
__Ltext32                   text32       000000
__Ltext33                   text33       000000
__Ltext4                    text4        000000
__Ltext5                    text5        000000
__Ltext6                    text6        000000
__Ltext7                    text7        000000
__Ltext8                    text8        000000
__Ltext9                    text9        000000
__S0                        (abs)        008000
__S1                        (abs)        0000CB
__S2                        (abs)        000000
__S4                        (abs)        000000
__S5                        (abs)        000000
___aldiv                    text32       00759C
___aldiv@counter            cstackCOMRAM 000009
___aldiv@dividend           cstackCOMRAM 000001
___aldiv@divisor            cstackCOMRAM 000005
___aldiv@quotient           cstackCOMRAM 00000B
___aldiv@sign               cstackCOMRAM 00000A
___inthi_sp                 stack        000000
___intlo_sp                 stack        000000
___lwdiv                    text29       006FAC
___lwdiv@counter            cstackCOMRAM 000007
___lwdiv@dividend           cstackCOMRAM 000001
___lwdiv@divisor            cstackCOMRAM 000003
___lwdiv@quotient           cstackCOMRAM 000005
___param_bank               (abs)        000000
___rparam_used              (abs)        000001
___sp                       stack        000000
___wmul                     text28       006B7A
___wmul@multiplicand        cstackCOMRAM 000003
___wmul@multiplier          cstackCOMRAM 000001
___wmul@product             cstackCOMRAM 000005
__accesstop                 (abs)        000080
__activetblptr              (abs)        000002
__end_of_Delay2ms           text22       006B36
__end_of_Delay40us          text25       006B1A
__end_of___aldiv            text32       0076A8
__end_of___lwdiv            text29       007020
__end_of___wmul             text28       006BA0
__end_of__initialization    cinit        006D46
__end_of_armada             text16       0077D2
__end_of_buzzerArmada       text26       006E62
__end_of_buzzerDesarmada    text11       006BF0
__end_of_buzzerDisparada    text15       006C5A
__end_of_casaInvadida       text12       006B54
__end_of_centralDesarmada   text9        00759C
__end_of_cooler             text7        006BC6
__end_of_delay              text33       006E04
__end_of_digitalWrite       text24       007DB2
__end_of_exceptArmado       text6        007400
__end_of_exceptDesarmado    text5        0074B2
__end_of_kpDebounce         text4        00794C
__end_of_kpInit             text3        006AE4
__end_of_kpRead             text2        006AEE
__end_of_lcdCommand         text21       00720E
__end_of_lcdData            text23       006CFA
__end_of_lcdInit            text19       007098
__end_of_lcdPosition        text18       0072A4
__end_of_ledDisparado       text14       006DA8
__end_of_main               text0        007B64
__end_of_mensagemArmada     text17       007114
__end_of_mensagemDesarmada  text10       007190
__end_of_mensagemInicial    text1        00734E
__end_of_mensagemInvadida   text13       006FAC
__end_of_pinMode            text20       008000
__end_of_pwmFrequency       text31       006B7A
__end_of_pwmInit            text30       006B02
__end_of_pwmSet1            text8        006F3A
__end_of_pwmSet2            text27       006ECE
__initialization            cinit        006CFA
__mediumconst               mediumconst  000000
__pbssCOMRAM                bssCOMRAM    000076
__pcinit                    cinit        006CFA
__pcstackCOMRAM             cstackCOMRAM 000001
__pdataBANK0                dataBANK0    000080
__pdataCOMRAM               dataCOMRAM   000043
__pidataBANK0               idataBANK0   006C5B
__pidataCOMRAM              idataCOMRAM  006BF1
__ptext0                    text0        00794C
__ptext1                    text1        0072A4
__ptext10                   text10       007114
__ptext11                   text11       006BC6
__ptext12                   text12       006B36
__ptext13                   text13       006F3A
__ptext14                   text14       006D50
__ptext15                   text15       006C24
__ptext16                   text16       0076A8
__ptext17                   text17       007098
__ptext18                   text18       00720E
__ptext19                   text19       007020
__ptext2                    text2        006AE4
__ptext20                   text20       007DB2
__ptext21                   text21       007190
__ptext22                   text22       006B1A
__ptext23                   text23       006CA6
__ptext24                   text24       007B64
__ptext25                   text25       006B02
__ptext26                   text26       006E04
__ptext27                   text27       006E62
__ptext28                   text28       006B7A
__ptext29                   text29       006FAC
__ptext3                    text3        006ADA
__ptext30                   text30       006AEE
__ptext31                   text31       006B54
__ptext32                   text32       00759C
__ptext33                   text33       006DA8
__ptext4                    text4        0077D2
__ptext5                    text5        007400
__ptext6                    text6        00734E
__ptext7                    text7        006BA0
__ptext8                    text8        006ECE
__ptext9                    text9        0074B2
__ramtop                    ramtop       000600
__size_of_Delay2ms          (abs)        000000
__size_of_Delay40us         (abs)        000000
__size_of___aldiv           (abs)        000000
__size_of___lwdiv           (abs)        000000
__size_of___wmul            (abs)        000000
__size_of_armada            (abs)        000000
__size_of_buzzerArmada      (abs)        000000
__size_of_buzzerDesarmada   (abs)        000000
__size_of_buzzerDisparada   (abs)        000000
__size_of_casaInvadida      (abs)        000000
__size_of_centralDesarmada  (abs)        000000
__size_of_cooler            (abs)        000000
__size_of_delay             (abs)        000000
__size_of_digitalWrite      (abs)        000000
__size_of_exceptArmado      (abs)        000000
__size_of_exceptDesarmado   (abs)        000000
__size_of_kpDebounce        (abs)        000000
__size_of_kpInit            (abs)        000000
__size_of_kpRead            (abs)        000000
__size_of_lcdCommand        (abs)        000000
__size_of_lcdData           (abs)        000000
__size_of_lcdInit           (abs)        000000
__size_of_lcdPosition       (abs)        000000
__size_of_ledDisparado      (abs)        000000
__size_of_main              (abs)        000000
__size_of_mensagemArmada    (abs)        000000
__size_of_mensagemDesarmada (abs)        000000
__size_of_mensagemInicial   (abs)        000000
__size_of_mensagemInvadida  (abs)        000000
__size_of_pinMode           (abs)        000000
__size_of_pwmFrequency      (abs)        000000
__size_of_pwmInit           (abs)        000000
__size_of_pwmSet1           (abs)        000000
__size_of_pwmSet2           (abs)        000000
__smallconst                smallconst   000000
_armada                     text16       0076A8
_buzzerArmada               text26       006E04
_buzzerDesarmada            text11       006BC6
_buzzerDisparada            text15       006C24
_casaInvadida               text12       006B36
_centralDesarmada           text9        0074B2
_cooler                     text7        006BA0
_delay                      text33       006DA8
_digitalWrite               text24       007B64
_exceptArmado               text6        00734E
_exceptDesarmado            text5        007400
_kpDebounce                 text4        0077D2
_kpInit                     text3        006ADA
_kpRead                     text2        006AE4
_lcdCommand                 text21       007190
_lcdData                    text23       006CA6
_lcdInit                    text19       007020
_lcdPosition                text18       00720E
_ledDisparado               text14       006D50
_main                       text0        00794C
_mensagemArmada             text17       007098
_mensagemDesarmada          text10       007114
_mensagemInicial            text1        0072A4
_mensagemInvadida           text13       006F3A
_pinMode                    text20       007DB2
_pwmFrequency               text31       006B54
_pwmInit                    text30       006AEE
_pwmSet1                    text8        006ECE
_pwmSet2                    text27       006E62
_valor                      bssCOMRAM    00007A
armada@j                    cstackCOMRAM 00001C
armada@l                    cstackCOMRAM 00001E
armada@temp                 cstackCOMRAM 00001D
buzzerArmada@i              cstackCOMRAM 000011
centralDesarmada@i          cstackCOMRAM 000020
centralDesarmada@j          cstackCOMRAM 000022
delay@i                     cstackCOMRAM 000004
delay@j                     cstackCOMRAM 000006
delay@valor                 cstackCOMRAM 000001
digitalWrite@pin            cstackCOMRAM 000001
digitalWrite@value          cstackCOMRAM 000003
end_of_initialization       cinit        006D46
exceptArmado@F17            dataBANK0    0000A3
exceptArmado@i              cstackCOMRAM 00001D
exceptArmado@mensage        cstackCOMRAM 000009
exceptDesarmado@F13         dataBANK0    0000B7
exceptDesarmado@i           cstackCOMRAM 00001D
exceptDesarmado@mensage     cstackCOMRAM 000009
intlevel0                   text         000000
intlevel1                   text         000000
intlevel2                   text         000000
intlevel3                   text         000000
isa$std                     (abs)        000001
isa$xinst                   (abs)        000000
kpDebounce@i                cstackCOMRAM 00000A
kpDebounce@j                cstackCOMRAM 000009
kpDebounce@k                cstackCOMRAM 000007
kpDebounce@old_D            cstackCOMRAM 000006
kpDebounce@tempo            bssCOMRAM    00007C
kpDebounce@valorAntigo      bssCOMRAM    000076
kpDebounce@valorNovo        bssCOMRAM    000078
lcdCommand@cmd              cstackCOMRAM 000008
lcdCommand@old_D            cstackCOMRAM 000007
lcdData@old_D               cstackCOMRAM 000008
lcdData@valor               cstackCOMRAM 000007
lcdPosition@coluna          cstackCOMRAM 00000B
lcdPosition@comando         cstackCOMRAM 00000A
lcdPosition@linha           cstackCOMRAM 000009
ledDisparado@i              cstackCOMRAM 000007
main@ar                     cstackCOMRAM 000041
main@cont                   cstackCOMRAM 000033
main@i                      cstackCOMRAM 00003B
main@lc                     cstackCOMRAM 00003D
main@op                     cstackCOMRAM 00003F
main@valor                  cstackCOMRAM 000035
main@ver                    cstackCOMRAM 000037
main@verifica               cstackCOMRAM 000039
mensagemArmada@F24          dataCOMRAM   000068
mensagemArmada@i            cstackCOMRAM 00001A
mensagemArmada@msg          cstackCOMRAM 00000C
mensagemDesarmada@F20       dataCOMRAM   000056
mensagemDesarmada@i         cstackCOMRAM 00001E
mensagemDesarmada@msg       cstackCOMRAM 00000C
mensagemInicial@F16         dataBANK0    000080
mensagemInicial@i           cstackCOMRAM 00002F
mensagemInicial@msg         cstackCOMRAM 00000C
mensagemInvadida@F28        dataCOMRAM   000043
mensagemInvadida@i          cstackCOMRAM 00001C
mensagemInvadida@msg        cstackCOMRAM 000009
pinMode@pin                 cstackCOMRAM 000001
pinMode@type                cstackCOMRAM 000003
pwmFrequency@freq           cstackCOMRAM 00000F
pwmSet1@porcento            cstackCOMRAM 00000A
pwmSet1@val                 cstackCOMRAM 00000B
pwmSet2@porcento            cstackCOMRAM 00000A
pwmSet2@val                 cstackCOMRAM 00000B
stackhi                     (abs)        0005FF
stacklo                     (abs)        0000CB
start                       init         000000
start_initialization        cinit        006CFA


MODULE INFORMATION

Module		Function		Class		Link	Load	Size
cooler.c
		_cooler        		CODE           	6BA0	0000	38

cooler.c estimated size: 38

delay.c
		_delay         		CODE           	6DA8	0000	92

delay.c estimated size: 92

C:\Program Files\Microchip\xc8\v2.32\pic\sources\c99\common\aldiv.c
		___aldiv       		CODE           	759C	0000	268

C:\Program Files\Microchip\xc8\v2.32\pic\sources\c99\common\aldiv.c estimated size: 268

lcdPosition.c
		_lcdPosition   		CODE           	720E	0000	150

lcdPosition.c estimated size: 150

buzzer.c
		_buzzerDesarmada		CODE           	6BC6	0000	42
		_buzzerDisparada		CODE           	6C24	0000	54
		_buzzerArmada  		CODE           	6E04	0000	94

buzzer.c estimated size: 190

armada.c
		_armada        		CODE           	76A8	0000	298

armada.c estimated size: 298

printf.c
		_mensagemInicial		CODE           	72A4	0000	170
		_mensagemInvadida		CODE           	6F3A	0000	114
		_mensagemDesarmada		CODE           	7114	0000	124
		_mensagemArmada		CODE           	7098	0000	124

printf.c estimated size: 532

keypad.c
		_kpInit        		CODE           	6ADA	0000	10
		_kpDebounce    		CODE           	77D2	0000	378
		_kpRead        		CODE           	6AE4	0000	10

keypad.c estimated size: 398

io.c
		_digitalWrite  		CODE           	7B64	0000	590
		_pinMode       		CODE           	7DB2	0000	590

io.c estimated size: 1180

pwm.c
		_pwmSet2       		CODE           	6E62	0000	108
		_pwmInit       		CODE           	6AEE	0000	20
		_pwmSet1       		CODE           	6ECE	0000	108
		_pwmFrequency  		CODE           	6B54	0000	38

pwm.c estimated size: 274

C:\Program Files\Microchip\xc8\v2.32\pic\sources\c99\common\Umul16.c
		___wmul        		CODE           	6B7A	0000	38

C:\Program Files\Microchip\xc8\v2.32\pic\sources\c99\common\Umul16.c estimated size: 38

except.c
		_exceptDesarmado		CODE           	7400	0000	178
		_exceptArmado  		CODE           	734E	0000	178

except.c estimated size: 356

shared
		__initialization		CODE           	6CFA	0000	76

shared estimated size: 76

casaInvadida.c
		_casaInvadida  		CODE           	6B36	0000	30

casaInvadida.c estimated size: 30

C:\Program Files\Microchip\xc8\v2.32\pic\sources\c99\common\lwdiv.c
		___lwdiv       		CODE           	6FAC	0000	116

C:\Program Files\Microchip\xc8\v2.32\pic\sources\c99\common\lwdiv.c estimated size: 116

lcd.c
		_lcdCommand    		CODE           	7190	0000	126
		_Delay40us     		CODE           	6B02	0000	24
		_lcdInit       		CODE           	7020	0000	120
		_lcdData       		CODE           	6CA6	0000	84
		_Delay2ms      		CODE           	6B1A	0000	28

lcd.c estimated size: 382

ledDisparado.c
		_ledDisparado  		CODE           	6D50	0000	88

ledDisparado.c estimated size: 88

main.c
		_main          		CODE           	794C	0000	536

main.c estimated size: 536

centralDesarmada.c
		_centralDesarmada		CODE           	74B2	0000	234

centralDesarmada.c estimated size: 234

